<?xml version="1.0" encoding="utf-8"?>
<rss version="2.0" xmlns:atom="http://www.w3.org/2005/Atom">
    <channel>
        <title>ZUTOMAYO News</title>
        <link>https://zutomayo.net/news</link>
        <description>This is unofficial RSS feed for ZUTOMAYO news</description>
        <lastBuildDate>Mon, 09 Feb 2026 15:00:00 GMT</lastBuildDate>
        <docs>https://validator.w3.org/feed/docs/rss2.html</docs>
        <generator>https://github.com/jpmonette/feed</generator>
        <copyright>ZUTOMAYO</copyright>
        <atom:link href="https://example.com" rel="self" type="application/rss+xml"/>
        <item>
            <title><![CDATA[ORION SCR-B9(Z) × ZUTOMAYO ＜Bluetooth機能搭載CDステレオラジオカセット＞ 2月21日(土)20:00～一般販売実施、さらに2026年6月〜カセット版「潜潜話」「ぐされ」「沈香学」「形藻土」も販売予定]]></title>
            <link>https://zutomayo.net/news/573</link>
            <guid isPermaLink="true">https://zutomayo.net/news/573</guid>
            <pubDate>Mon, 09 Feb 2026 15:00:00 GMT</pubDate>
        </item>
        <item>
            <title><![CDATA[【2/3(Tue)23:59〆切】ZUTOMAYO INTENSE II 台北公演追加公演決定、ZUTOMAYO PREMIUM会員限定先行受付実施中]]></title>
            <link>https://zutomayo.net/news/572</link>
            <guid isPermaLink="true">https://zutomayo.net/news/572</guid>
            <pubDate>Sun, 01 Feb 2026 15:00:00 GMT</pubDate>
        </item>
        <item>
            <title><![CDATA[ZUTOMAYO INTENSE II『坐・ZOMBIE CRAB LABO』日本公演(福岡公演を除く)チケットアップグレード受付のご案内]]></title>
            <link>https://zutomayo.net/news/571</link>
            <guid isPermaLink="true">https://zutomayo.net/news/571</guid>
            <pubDate>Thu, 29 Jan 2026 15:00:00 GMT</pubDate>
        </item>
        <item>
            <title><![CDATA[【-2/4(水)23:59〆切】ZUTOMAYO INTENSE II「坐・ZOMBIE CRAB LABO」福岡公演、一般最速先行実施中]]></title>
            <link>https://zutomayo.net/news/570</link>
            <guid isPermaLink="true">https://zutomayo.net/news/570</guid>
            <pubDate>Tue, 27 Jan 2026 15:00:00 GMT</pubDate>
        </item>
        <item>
            <title><![CDATA[「メディアノーチェ」MV公開、各DL/STREAMING配信開始]]></title>
            <link>https://zutomayo.net/news/569</link>
            <guid isPermaLink="true">https://zutomayo.net/news/569</guid>
            <pubDate>Sun, 25 Jan 2026 15:00:00 GMT</pubDate>
        </item>
        <item>
            <title><![CDATA[【1/25(日)23:59〆切】ZUTOMAYO INTENSE II 台北公演詳細発表、ZUTOMAYO PREMIUM会員限定先行受付実施中 ]]></title>
            <link>https://zutomayo.net/news/568</link>
            <guid isPermaLink="true">https://zutomayo.net/news/568</guid>
            <pubDate>Wed, 21 Jan 2026 15:00:00 GMT</pubDate>
        </item>
        <item>
            <title><![CDATA[綾辻行人ミステリー「館」シリーズ実写化第2弾、Huluオリジナルドラマ『時計館の殺人』のオープニング曲に、ずっと真夜中でいいのに。の新曲「よもすがら」が決定]]></title>
            <link>https://zutomayo.net/news/567</link>
            <guid isPermaLink="true">https://zutomayo.net/news/567</guid>
            <pubDate>Wed, 21 Jan 2026 15:00:00 GMT</pubDate>
        </item>
        <item>
            <title><![CDATA[【-1/18(日)23:59〆切】ZUTOMAYO INTENSE II「坐・ZOMBIE CRAB LABO」福岡公演、ZUTOMAYO PREMIUM先行受付実施中]]></title>
            <link>https://zutomayo.net/news/566</link>
            <guid isPermaLink="true">https://zutomayo.net/news/566</guid>
            <pubDate>Thu, 08 Jan 2026 15:00:00 GMT</pubDate>
        </item>
        <item>
            <title><![CDATA[コズミックどろ団子ツアーグッズ在庫通販＆新商品販売のお知らせ]]></title>
            <link>https://zutomayo.net/news/565</link>
            <guid isPermaLink="true">https://zutomayo.net/news/565</guid>
            <pubDate>Fri, 02 Jan 2026 15:00:00 GMT</pubDate>
        </item>
        <item>
            <title><![CDATA[【ZUTOMAYO PREMIUM】2026年お正月プレゼント企画「Wooden Keychain (午年)※非売品」]]></title>
            <link>https://zutomayo.net/news/564</link>
            <guid isPermaLink="true">https://zutomayo.net/news/564</guid>
            <pubDate>Wed, 31 Dec 2025 15:00:00 GMT</pubDate>
        </item>
        <item>
            <title><![CDATA[2026/03/25(水) 4th FULL ALBUM『形藻土」』発売]]></title>
            <link>https://zutomayo.net/news/563</link>
            <guid isPermaLink="true">https://zutomayo.net/news/563</guid>
            <pubDate>Wed, 31 Dec 2025 15:00:00 GMT</pubDate>
        </item>
        <item>
            <title><![CDATA[『ZUTOMAYO INTENSE II 坐・ZOMBIE CRAB LABO』上海公演中止及び、福岡追加公演のお知らせ]]></title>
            <link>https://zutomayo.net/news/562</link>
            <guid isPermaLink="true">https://zutomayo.net/news/562</guid>
            <pubDate>Fri, 26 Dec 2025 15:00:00 GMT</pubDate>
        </item>
        <item>
            <title><![CDATA[【-1/2(金)23:59〆切】ZUTOMAYO INTENSE II「坐・ZOMBIE CRAB LABO」ソウル追加公演(3/15)のZUTOMAYO PREMIUM会員限定先行受付実施中]]></title>
            <link>https://zutomayo.net/news/561</link>
            <guid isPermaLink="true">https://zutomayo.net/news/561</guid>
            <pubDate>Thu, 25 Dec 2025 15:00:00 GMT</pubDate>
        </item>
        <item>
            <title><![CDATA[12/22(月)・12/23(火) 東京 ガーデンシアター公演 フード&ズトカコーナーがOPEN]]></title>
            <link>https://zutomayo.net/news/559</link>
            <guid isPermaLink="true">https://zutomayo.net/news/559</guid>
            <pubDate>Sat, 20 Dec 2025 15:00:00 GMT</pubDate>
        </item>
        <item>
            <title><![CDATA[【1/2(金)〆切】ZUTOMAYO INTENSE II「坐・ZOMBIE CRAB LABO」3/15(日)にソウル追加公演の開催が決定、ZUTOMAYO PREMIUM先行受付実施中]]></title>
            <link>https://zutomayo.net/news/558</link>
            <guid isPermaLink="true">https://zutomayo.net/news/558</guid>
            <pubDate>Tue, 16 Dec 2025 15:00:00 GMT</pubDate>
        </item>
        <item>
            <title><![CDATA[【-12/30(火)23:59〆切】ZUTOMAYO INTENSE II「坐・ZOMBIE CRAB LABO」香港公演のZUTOMAYO PREMIUM会員限定先行受付実施中]]></title>
            <link>https://zutomayo.net/news/557</link>
            <guid isPermaLink="true">https://zutomayo.net/news/557</guid>
            <pubDate>Mon, 15 Dec 2025 15:00:00 GMT</pubDate>
        </item>
        <item>
            <title><![CDATA[【-12/14(日)23:59〆切】ZUTOMAYO INTENSE II「坐・ZOMBIE CRAB LABO」ソウル・シンガポール・バンコク公演のZUTOMAYO PREMIUM会員限定先行受付実施中]]></title>
            <link>https://zutomayo.net/news/553</link>
            <guid isPermaLink="true">https://zutomayo.net/news/553</guid>
            <pubDate>Sat, 13 Dec 2025 15:00:00 GMT</pubDate>
        </item>
        <item>
            <title><![CDATA[【12/16&12/17 神奈川・12/22&12/23 東京】「コズミックどろ団子ツアー」 来場者向けネットオーダー＆会場販売に関するご案内]]></title>
            <link>https://zutomayo.net/news/556</link>
            <guid isPermaLink="true">https://zutomayo.net/news/556</guid>
            <pubDate>Wed, 10 Dec 2025 15:00:00 GMT</pubDate>
        </item>
        <item>
            <title><![CDATA[【12/9(水)12:00-】ZUTOMAYO INTENSE II 「坐・ZOMBIE CRAB LABO」GOODS LINEUP公開＆PRE ORDER実施のお知らせ]]></title>
            <link>https://zutomayo.net/news/555</link>
            <guid isPermaLink="true">https://zutomayo.net/news/555</guid>
            <pubDate>Sun, 07 Dec 2025 15:00:00 GMT</pubDate>
        </item>
        <item>
            <title><![CDATA[【11/27 愛媛・12/2&12/3 大阪】「コズミックどろ団子ツアー」 来場者向けネットオーダー＆会場販売に関するご案内]]></title>
            <link>https://zutomayo.net/news/552</link>
            <guid isPermaLink="true">https://zutomayo.net/news/552</guid>
            <pubDate>Wed, 19 Nov 2025 15:00:00 GMT</pubDate>
        </item>
    </channel>
</rss>