<?xml version="1.0" encoding="utf-8"?>
<rss version="2.0">
    <channel>
        <title>ZUTOMAYO Voice</title>
        <link>https://zutomayo.net/voice</link>
        <description>This is unofficial RSS feed for ZUTOMAYO voice</description>
        <lastBuildDate>Sat, 31 Jan 2026 15:00:00 GMT</lastBuildDate>
        <docs>https://validator.w3.org/feed/docs/rss2.html</docs>
        <generator>https://github.com/jpmonette/feed</generator>
        <copyright>ZUTOMAYO</copyright>
        <item>
            <title><![CDATA[medianoche ~]]></title>
            <link>https://zutomayo.net/voice/medianoche</link>
            <guid isPermaLink="true">https://zutomayo.net/voice/medianoche</guid>
            <pubDate>Sat, 31 Jan 2026 15:00:00 GMT</pubDate>
        </item>
        <item>
            <title><![CDATA[2026お雑煮]]></title>
            <link>https://zutomayo.net/voice/2026ozouni</link>
            <guid isPermaLink="true">https://zutomayo.net/voice/2026ozouni</guid>
            <pubDate>Wed, 31 Dec 2025 15:00:00 GMT</pubDate>
        </item>
        <item>
            <title><![CDATA[これは何の音でしょう]]></title>
            <link>https://zutomayo.net/voice/korehananooto</link>
            <guid isPermaLink="true">https://zutomayo.net/voice/korehananooto</guid>
            <pubDate>Sun, 30 Nov 2025 15:00:00 GMT</pubDate>
        </item>
        <item>
            <title><![CDATA[ハロウィンREC]]></title>
            <link>https://zutomayo.net/voice/halloweenrec</link>
            <guid isPermaLink="true">https://zutomayo.net/voice/halloweenrec</guid>
            <pubDate>Fri, 31 Oct 2025 15:00:00 GMT</pubDate>
        </item>
        <item>
            <title><![CDATA[最近読んでる漫画(車で小声)]]></title>
            <link>https://zutomayo.net/voice/manga</link>
            <guid isPermaLink="true">https://zutomayo.net/voice/manga</guid>
            <pubDate>Tue, 30 Sep 2025 15:00:00 GMT</pubDate>
        </item>
        <item>
            <title><![CDATA[ずっと真夜中でいいのに。由来]]></title>
            <link>https://zutomayo.net/voice/yurai</link>
            <guid isPermaLink="true">https://zutomayo.net/voice/yurai</guid>
            <pubDate>Sun, 31 Aug 2025 15:00:00 GMT</pubDate>
        </item>
        <item>
            <title><![CDATA[プレミアムありがとう]]></title>
            <link>https://zutomayo.net/voice/premium</link>
            <guid isPermaLink="true">https://zutomayo.net/voice/premium</guid>
            <pubDate>Fri, 07 Jan 2022 15:00:00 GMT</pubDate>
        </item>
    </channel>
</rss>